14:12:06 [+   0.0m] launch pid=40660 CUDA_VISIBLE_DEVICES=1 seed=20260806 epochs=200 episodes=256
14:12:12 [+   0.1m] source training start: cifar10_resnet26ttt_s20260806, 200 epochs
14:12:13 [+   0.1m] train epoch 1/200 lr=0.10000
14:13:09 [+   1.1m] train epoch 1/200 lr=0.09999
14:13:34 [+   1.5m] train epoch 2/200 lr=0.09998
14:13:58 [+   1.9m] train epoch 3/200 lr=0.09994
14:14:22 [+   2.3m] train epoch 4/200 lr=0.09990
14:14:46 [+   2.7m] train epoch 5/200 lr=0.09985
14:15:10 [+   3.1m] train epoch 6/200 lr=0.09978
14:15:34 [+   3.5m] train epoch 7/200 lr=0.09970
14:15:58 [+   3.9m] train epoch 8/200 lr=0.09961
14:16:22 [+   4.3m] train epoch 9/200 lr=0.09950
14:16:45 [+   4.7m] train epoch 10/200 lr=0.09938
14:16:53 [+   4.8m] train eval ep10 acc=0.7070 rot=0.6758
14:17:17 [+   5.2m] train epoch 11/200 lr=0.09926
14:17:40 [+   5.6m] train epoch 12/200 lr=0.09911
14:18:04 [+   6.0m] train epoch 13/200 lr=0.09896
14:18:28 [+   6.4m] train epoch 14/200 lr=0.09880
14:18:51 [+   6.8m] train epoch 15/200 lr=0.09862
14:19:14 [+   7.1m] train epoch 16/200 lr=0.09843
14:19:38 [+   7.5m] train epoch 17/200 lr=0.09823
14:20:01 [+   7.9m] train epoch 18/200 lr=0.09801
14:20:25 [+   8.3m] train epoch 19/200 lr=0.09779
14:20:48 [+   8.7m] train epoch 20/200 lr=0.09755
14:20:56 [+   8.8m] train eval ep20 acc=0.7634 rot=0.7295
14:21:20 [+   9.2m] train epoch 21/200 lr=0.09730
14:21:43 [+   9.6m] train epoch 22/200 lr=0.09704
14:22:06 [+  10.0m] train epoch 23/200 lr=0.09677
14:22:29 [+  10.4m] train epoch 24/200 lr=0.09649
14:22:52 [+  10.8m] train epoch 25/200 lr=0.09619
14:23:16 [+  11.2m] train epoch 26/200 lr=0.09589
14:23:39 [+  11.6m] train epoch 27/200 lr=0.09557
14:24:02 [+  11.9m] train epoch 28/200 lr=0.09524
14:24:25 [+  12.3m] train epoch 29/200 lr=0.09490
14:24:49 [+  12.7m] train epoch 30/200 lr=0.09455
14:24:57 [+  12.8m] train eval ep30 acc=0.7599 rot=0.7445
14:25:20 [+  13.2m] train epoch 31/200 lr=0.09419
14:25:43 [+  13.6m] train epoch 32/200 lr=0.09382
14:26:06 [+  14.0m] train epoch 33/200 lr=0.09343
14:26:30 [+  14.4m] train epoch 34/200 lr=0.09304
14:26:53 [+  14.8m] train epoch 35/200 lr=0.09263
14:27:16 [+  15.2m] train epoch 36/200 lr=0.09222
14:27:39 [+  15.6m] train epoch 37/200 lr=0.09179
14:28:02 [+  15.9m] train epoch 38/200 lr=0.09135
14:28:25 [+  16.3m] train epoch 39/200 lr=0.09091
14:28:49 [+  16.7m] train epoch 40/200 lr=0.09045
14:28:57 [+  16.8m] train eval ep40 acc=0.8217 rot=0.7706
14:29:20 [+  17.2m] train epoch 41/200 lr=0.08998
14:29:43 [+  17.6m] train epoch 42/200 lr=0.08951
14:30:06 [+  18.0m] train epoch 43/200 lr=0.08902
14:30:29 [+  18.4m] train epoch 44/200 lr=0.08853
14:30:52 [+  18.8m] train epoch 45/200 lr=0.08802
14:31:16 [+  19.2m] train epoch 46/200 lr=0.08751
14:31:39 [+  19.5m] train epoch 47/200 lr=0.08698
14:32:02 [+  19.9m] train epoch 48/200 lr=0.08645
14:32:25 [+  20.3m] train epoch 49/200 lr=0.08591
14:32:49 [+  20.7m] train epoch 50/200 lr=0.08536
14:32:57 [+  20.8m] train eval ep50 acc=0.8219 rot=0.7706
14:33:20 [+  21.2m] train epoch 51/200 lr=0.08480
14:33:43 [+  21.6m] train epoch 52/200 lr=0.08423
14:34:06 [+  22.0m] train epoch 53/200 lr=0.08365
14:34:30 [+  22.4m] train epoch 54/200 lr=0.08307
14:34:53 [+  22.8m] train epoch 55/200 lr=0.08247
14:35:16 [+  23.2m] train epoch 56/200 lr=0.08187
14:35:39 [+  23.6m] train epoch 57/200 lr=0.08126
14:36:02 [+  23.9m] train epoch 58/200 lr=0.08065
14:36:26 [+  24.3m] train epoch 59/200 lr=0.08002
14:36:49 [+  24.7m] train epoch 60/200 lr=0.07939
14:36:57 [+  24.8m] train eval ep60 acc=0.7964 rot=0.7666
14:37:20 [+  25.2m] train epoch 61/200 lr=0.07875
14:37:43 [+  25.6m] train epoch 62/200 lr=0.07810
14:38:06 [+  26.0m] train epoch 63/200 lr=0.07745
14:38:29 [+  26.4m] train epoch 64/200 lr=0.07679
14:38:52 [+  26.8m] train epoch 65/200 lr=0.07612
14:39:16 [+  27.2m] train epoch 66/200 lr=0.07545
14:39:39 [+  27.5m] train epoch 67/200 lr=0.07477
14:40:02 [+  27.9m] train epoch 68/200 lr=0.07409
14:40:25 [+  28.3m] train epoch 69/200 lr=0.07340
14:40:48 [+  28.7m] train epoch 70/200 lr=0.07270
14:40:56 [+  28.8m] train eval ep70 acc=0.8249 rot=0.8
14:41:20 [+  29.2m] train epoch 71/200 lr=0.07200
14:41:45 [+  29.7m] train epoch 72/200 lr=0.07129
14:42:10 [+  30.1m] train epoch 73/200 lr=0.07058
14:42:34 [+  30.5m] train epoch 74/200 lr=0.06986
14:42:59 [+  30.9m] train epoch 75/200 lr=0.06913
14:43:22 [+  31.3m] train epoch 76/200 lr=0.06841
14:43:47 [+  31.7m] train epoch 77/200 lr=0.06767
14:44:11 [+  32.1m] train epoch 78/200 lr=0.06694
14:44:35 [+  32.5m] train epoch 79/200 lr=0.06620
14:44:59 [+  32.9m] train epoch 80/200 lr=0.06545
14:45:07 [+  33.0m] train eval ep80 acc=0.8299 rot=0.8167
14:45:31 [+  33.4m] train epoch 81/200 lr=0.06470
14:45:54 [+  33.8m] train epoch 82/200 lr=0.06395
14:46:18 [+  34.2m] train epoch 83/200 lr=0.06319
14:46:41 [+  34.6m] train epoch 84/200 lr=0.06243
14:47:05 [+  35.0m] train epoch 85/200 lr=0.06167
14:47:28 [+  35.4m] train epoch 86/200 lr=0.06091
14:47:51 [+  35.8m] train epoch 87/200 lr=0.06014
14:48:15 [+  36.2m] train epoch 88/200 lr=0.05937
14:48:39 [+  36.5m] train epoch 89/200 lr=0.05860
14:49:02 [+  36.9m] train epoch 90/200 lr=0.05782
14:49:10 [+  37.1m] train eval ep90 acc=0.8174 rot=0.7875
14:49:33 [+  37.5m] train epoch 91/200 lr=0.05705
14:49:57 [+  37.9m] train epoch 92/200 lr=0.05627
14:50:21 [+  38.2m] train epoch 93/200 lr=0.05549
14:50:44 [+  38.6m] train epoch 94/200 lr=0.05471
14:51:07 [+  39.0m] train epoch 95/200 lr=0.05392
14:51:31 [+  39.4m] train epoch 96/200 lr=0.05314
14:51:55 [+  39.8m] train epoch 97/200 lr=0.05236
14:52:19 [+  40.2m] train epoch 98/200 lr=0.05157
14:52:43 [+  40.6m] train epoch 99/200 lr=0.05079
14:53:07 [+  41.0m] train epoch 100/200 lr=0.05000
14:53:15 [+  41.2m] train eval ep100 acc=0.8269 rot=0.8195
14:53:38 [+  41.5m] train epoch 101/200 lr=0.04921
14:54:02 [+  41.9m] train epoch 102/200 lr=0.04843
14:54:26 [+  42.3m] train epoch 103/200 lr=0.04764
14:54:49 [+  42.7m] train epoch 104/200 lr=0.04686
14:55:13 [+  43.1m] train epoch 105/200 lr=0.04608
14:55:36 [+  43.5m] train epoch 106/200 lr=0.04529
14:56:00 [+  43.9m] train epoch 107/200 lr=0.04451
14:56:23 [+  44.3m] train epoch 108/200 lr=0.04373
14:56:47 [+  44.7m] train epoch 109/200 lr=0.04295
14:57:11 [+  45.1m] train epoch 110/200 lr=0.04218
14:57:20 [+  45.2m] train eval ep110 acc=0.8338 rot=0.8252
14:57:44 [+  45.6m] train epoch 111/200 lr=0.04140
14:58:07 [+  46.0m] train epoch 112/200 lr=0.04063
14:58:31 [+  46.4m] train epoch 113/200 lr=0.03986
14:58:55 [+  46.8m] train epoch 114/200 lr=0.03909
14:59:19 [+  47.2m] train epoch 115/200 lr=0.03833
14:59:43 [+  47.6m] train epoch 116/200 lr=0.03757
15:00:07 [+  48.0m] train epoch 117/200 lr=0.03681
15:00:31 [+  48.4m] train epoch 118/200 lr=0.03605
15:00:54 [+  48.8m] train epoch 119/200 lr=0.03530
15:01:18 [+  49.2m] train epoch 120/200 lr=0.03455
15:01:26 [+  49.3m] train eval ep120 acc=0.8600 rot=0.8394
15:01:50 [+  49.7m] train epoch 121/200 lr=0.03380
15:02:14 [+  50.1m] train epoch 122/200 lr=0.03306
15:02:37 [+  50.5m] train epoch 123/200 lr=0.03233
15:03:01 [+  50.9m] train epoch 124/200 lr=0.03159
15:03:24 [+  51.3m] train epoch 125/200 lr=0.03087
15:03:48 [+  51.7m] train epoch 126/200 lr=0.03014
15:04:11 [+  52.1m] train epoch 127/200 lr=0.02942
15:04:35 [+  52.5m] train epoch 128/200 lr=0.02871
15:04:58 [+  52.9m] train epoch 129/200 lr=0.02800
15:05:22 [+  53.3m] train epoch 130/200 lr=0.02730
15:05:30 [+  53.4m] train eval ep130 acc=0.8658 rot=0.8361
15:05:53 [+  53.8m] train epoch 131/200 lr=0.02660
15:06:17 [+  54.2m] train epoch 132/200 lr=0.02591
15:06:41 [+  54.6m] train epoch 133/200 lr=0.02523
15:07:04 [+  55.0m] train epoch 134/200 lr=0.02455
15:07:28 [+  55.4m] train epoch 135/200 lr=0.02388
15:07:51 [+  55.8m] train epoch 136/200 lr=0.02321
15:08:14 [+  56.1m] train epoch 137/200 lr=0.02255
15:08:38 [+  56.5m] train epoch 138/200 lr=0.02190
15:09:01 [+  56.9m] train epoch 139/200 lr=0.02125
15:09:24 [+  57.3m] train epoch 140/200 lr=0.02061
15:09:32 [+  57.4m] train eval ep140 acc=0.8741 rot=0.8504
15:09:56 [+  57.8m] train epoch 141/200 lr=0.01998
15:10:19 [+  58.2m] train epoch 142/200 lr=0.01935
15:10:43 [+  58.6m] train epoch 143/200 lr=0.01874
15:11:06 [+  59.0m] train epoch 144/200 lr=0.01813
15:11:30 [+  59.4m] train epoch 145/200 lr=0.01753
15:11:53 [+  59.8m] train epoch 146/200 lr=0.01693
15:12:17 [+  60.2m] train epoch 147/200 lr=0.01635
15:12:40 [+  60.6m] train epoch 148/200 lr=0.01577
15:13:04 [+  61.0m] train epoch 149/200 lr=0.01520
15:13:27 [+  61.3m] train epoch 150/200 lr=0.01464
15:13:35 [+  61.5m] train eval ep150 acc=0.8901 rot=0.8594
15:13:58 [+  61.9m] train epoch 151/200 lr=0.01409
15:14:21 [+  62.3m] train epoch 152/200 lr=0.01355
15:14:44 [+  62.6m] train epoch 153/200 lr=0.01302
15:15:07 [+  63.0m] train epoch 154/200 lr=0.01249
15:15:30 [+  63.4m] train epoch 155/200 lr=0.01198
15:15:53 [+  63.8m] train epoch 156/200 lr=0.01147
15:16:16 [+  64.2m] train epoch 157/200 lr=0.01098
15:16:40 [+  64.6m] train epoch 158/200 lr=0.01049
15:17:03 [+  64.9m] train epoch 159/200 lr=0.01002
15:17:26 [+  65.3m] train epoch 160/200 lr=0.00955
15:17:34 [+  65.5m] train eval ep160 acc=0.8881 rot=0.8665
15:17:57 [+  65.8m] train epoch 161/200 lr=0.00909
15:18:20 [+  66.2m] train epoch 162/200 lr=0.00865
15:18:43 [+  66.6m] train epoch 163/200 lr=0.00821
15:19:06 [+  67.0m] train epoch 164/200 lr=0.00778
15:19:29 [+  67.4m] train epoch 165/200 lr=0.00737
15:19:52 [+  67.8m] train epoch 166/200 lr=0.00696
15:20:15 [+  68.2m] train epoch 167/200 lr=0.00657
15:20:39 [+  68.5m] train epoch 168/200 lr=0.00618
15:21:02 [+  68.9m] train epoch 169/200 lr=0.00581
15:21:25 [+  69.3m] train epoch 170/200 lr=0.00545
15:21:33 [+  69.5m] train eval ep170 acc=0.9012 rot=0.8845
15:21:56 [+  69.8m] train epoch 171/200 lr=0.00510
15:22:20 [+  70.2m] train epoch 172/200 lr=0.00476
15:22:43 [+  70.6m] train epoch 173/200 lr=0.00443
15:23:06 [+  71.0m] train epoch 174/200 lr=0.00411
15:23:30 [+  71.4m] train epoch 175/200 lr=0.00381
15:23:53 [+  71.8m] train epoch 176/200 lr=0.00351
15:24:16 [+  72.2m] train epoch 177/200 lr=0.00323
15:24:39 [+  72.6m] train epoch 178/200 lr=0.00296
15:25:03 [+  72.9m] train epoch 179/200 lr=0.00270
15:25:26 [+  73.3m] train epoch 180/200 lr=0.00245
15:25:34 [+  73.5m] train eval ep180 acc=0.9106 rot=0.893
15:25:57 [+  73.9m] train epoch 181/200 lr=0.00221
15:26:20 [+  74.2m] train epoch 182/200 lr=0.00199
15:26:44 [+  74.6m] train epoch 183/200 lr=0.00177
15:27:07 [+  75.0m] train epoch 184/200 lr=0.00157
15:27:30 [+  75.4m] train epoch 185/200 lr=0.00138
15:27:53 [+  75.8m] train epoch 186/200 lr=0.00120
15:28:16 [+  76.2m] train epoch 187/200 lr=0.00104
15:28:39 [+  76.6m] train epoch 188/200 lr=0.00089
15:29:02 [+  76.9m] train epoch 189/200 lr=0.00074
15:29:25 [+  77.3m] train epoch 190/200 lr=0.00062
15:29:33 [+  77.5m] train eval ep190 acc=0.9126 rot=0.9016
15:29:56 [+  77.8m] train epoch 191/200 lr=0.00050
15:30:20 [+  78.2m] train epoch 192/200 lr=0.00039
15:30:43 [+  78.6m] train epoch 193/200 lr=0.00030
15:31:06 [+  79.0m] train epoch 194/200 lr=0.00022
15:31:29 [+  79.4m] train epoch 195/200 lr=0.00015
15:31:52 [+  79.8m] train epoch 196/200 lr=0.00010
15:32:16 [+  80.2m] train epoch 197/200 lr=0.00006
15:32:39 [+  80.6m] train epoch 198/200 lr=0.00002
15:33:02 [+  80.9m] train epoch 199/200 lr=0.00001
15:33:25 [+  81.3m] train epoch 200/200 lr=0.00000
15:33:33 [+  81.5m] train eval ep200 acc=0.9165 rot=0.9058
15:33:34 [+  81.5m] source training done: experiments/results/is_fresh/e2_gn/cifar10_resnet26ttt_s20260806.pt
15:33:34 [+  81.5m] published source models: test acc 0.9152-0.9216 (train_source gate_pass=[False, False, False])
15:33:34 [+  81.5m] source gate OK: acc=0.9165 (>= 0.905, published 0.9152-0.9216)  rot=0.9058 (>= 0.85)
15:33:35 [+  81.5m] adaptation start: tent @ resnet26ttt, 256 episodes, 20 steps, severities 1,3,5
15:38:34 [+  86.5m] adapt corruption 1/15 gaussian_noise done in 5.0 min (3 cells persisted)
15:43:33 [+  91.4m] adapt corruption 2/15 shot_noise done in 5.0 min (6 cells persisted)
15:48:31 [+  96.4m] adapt corruption 3/15 impulse_noise done in 5.0 min (9 cells persisted)
15:53:29 [+ 101.4m] adapt corruption 4/15 defocus_blur done in 5.0 min (12 cells persisted)
15:58:27 [+ 106.4m] adapt corruption 5/15 glass_blur done in 5.0 min (15 cells persisted)
16:03:25 [+ 111.3m] adapt corruption 6/15 motion_blur done in 5.0 min (18 cells persisted)
16:08:23 [+ 116.3m] adapt corruption 7/15 zoom_blur done in 5.0 min (21 cells persisted)
16:13:21 [+ 121.3m] adapt corruption 8/15 snow done in 5.0 min (24 cells persisted)
16:18:19 [+ 126.2m] adapt corruption 9/15 frost done in 5.0 min (27 cells persisted)
16:23:19 [+ 131.2m] adapt corruption 10/15 fog done in 5.0 min (30 cells persisted)
16:28:19 [+ 136.2m] adapt corruption 11/15 brightness done in 5.0 min (33 cells persisted)
16:33:18 [+ 141.2m] adapt corruption 12/15 contrast done in 5.0 min (36 cells persisted)
16:38:16 [+ 146.2m] adapt corruption 13/15 elastic_transform done in 5.0 min (39 cells persisted)
16:43:15 [+ 151.1m] adapt corruption 14/15 pixelate done in 5.0 min (42 cells persisted)
16:48:13 [+ 156.1m] adapt corruption 15/15 jpeg_compression done in 5.0 min (45 cells persisted)
16:48:15 [+ 156.2m] DONE in 156.2 min
